[www.doc.ic.ac.uk/lab/secondyear/spim/spim.html]
[backblue.gif]
[fade.gif]
[index.html]
[www.doc.ic.ac.uk/lab/secondyear/spim/node1.html]
[www.doc.ic.ac.uk/lab/secondyear/spim/footnode.html]
[www.doc.ic.ac.uk/lab/secondyear/spim/img1.png]
[www.doc.ic.ac.uk/lab/secondyear/spim/node2.html]
[www.doc.ic.ac.uk/lab/secondyear/spim/node3.html]
[www.doc.ic.ac.uk/lab/secondyear/spim/node4.html]
[www.doc.ic.ac.uk/lab/secondyear/spim/node5.html]
[www.doc.ic.ac.uk/lab/secondyear/spim/node6.html]
[www.doc.ic.ac.uk/lab/secondyear/spim/node7.html]
[www.doc.ic.ac.uk/lab/secondyear/spim/node8.html]
[www.doc.ic.ac.uk/lab/secondyear/spim/node9.html]
[www.doc.ic.ac.uk/lab/secondyear/spim/node10.html]
[www.doc.ic.ac.uk/lab/secondyear/spim/node11.html]
[www.doc.ic.ac.uk/lab/secondyear/spim/node12.html]
[www.doc.ic.ac.uk/lab/secondyear/spim/node13.html]
[www.doc.ic.ac.uk/lab/secondyear/spim/node14.html]
[www.doc.ic.ac.uk/lab/secondyear/spim/node15.html]
[www.doc.ic.ac.uk/lab/secondyear/spim/node16.html]
[www.doc.ic.ac.uk/lab/secondyear/spim/node17.html]
[www.doc.ic.ac.uk/lab/secondyear/spim/node18.html]
[www.doc.ic.ac.uk/lab/secondyear/spim/node19.html]
[www.doc.ic.ac.uk/lab/secondyear/spim/node20.html]
[www.doc.ic.ac.uk/lab/secondyear/spim/node21.html]
[www.doc.ic.ac.uk/lab/secondyear/spim/node22.html]
[www.doc.ic.ac.uk/lab/secondyear/spim/node23.html]
[www.doc.ic.ac.uk/lab/secondyear/spim/node24.html]
[www.doc.ic.ac.uk/lab/secondyear/spim/node25.html]
[www.doc.ic.ac.uk/lab/secondyear/spim/spim.html]
[www.doc.ic.ac.uk/lab/secondyear/spim/node1.html]
[www.doc.ic.ac.uk/lab/secondyear/spim/footnode.html]
[www.doc.ic.ac.uk/lab/secondyear/spim/img2.png]
[www.doc.ic.ac.uk/lab/secondyear/spim/node2.html]
[www.doc.ic.ac.uk/lab/secondyear/spim/node3.html]
[www.doc.ic.ac.uk/lab/secondyear/spim/node4.html]
[www.doc.ic.ac.uk/lab/secondyear/spim/img3.png]
[www.doc.ic.ac.uk/lab/secondyear/spim/node5.html]
[www.doc.ic.ac.uk/lab/secondyear/spim/node6.html]
[www.doc.ic.ac.uk/lab/secondyear/spim/img4.png]
[www.doc.ic.ac.uk/lab/secondyear/spim/img5.png]
[www.doc.ic.ac.uk/lab/secondyear/spim/node7.html]
[www.doc.ic.ac.uk/lab/secondyear/spim/img6.png]
[www.doc.ic.ac.uk/lab/secondyear/spim/img7.png]
[www.doc.ic.ac.uk/lab/secondyear/spim/img8.png]
[www.doc.ic.ac.uk/lab/secondyear/spim/node8.html]
[www.doc.ic.ac.uk/lab/secondyear/spim/img9.png]
[www.doc.ic.ac.uk/lab/secondyear/spim/node9.html]
[www.doc.ic.ac.uk/lab/secondyear/spim/img10.png]
[www.doc.ic.ac.uk/lab/secondyear/spim/img11.png]
[www.doc.ic.ac.uk/lab/secondyear/spim/node10.html]
[www.doc.ic.ac.uk/lab/secondyear/spim/node11.html]
[www.doc.ic.ac.uk/lab/secondyear/spim/img12.png]
[www.doc.ic.ac.uk/lab/secondyear/spim/img13.png]
[www.doc.ic.ac.uk/lab/secondyear/spim/img14.png]
[www.doc.ic.ac.uk/lab/secondyear/spim/node12.html]
[www.doc.ic.ac.uk/lab/secondyear/spim/img15.png]
[www.doc.ic.ac.uk/lab/secondyear/spim/node13.html]
[www.doc.ic.ac.uk/lab/secondyear/spim/node14.html]
[www.doc.ic.ac.uk/lab/secondyear/spim/node15.html]
[www.doc.ic.ac.uk/lab/secondyear/spim/img16.png]
[www.doc.ic.ac.uk/lab/secondyear/spim/img17.png]
[www.doc.ic.ac.uk/lab/secondyear/spim/img18.png]
[www.doc.ic.ac.uk/lab/secondyear/spim/node16.html]
[www.doc.ic.ac.uk/lab/secondyear/spim/node17.html]
[www.doc.ic.ac.uk/lab/secondyear/spim/node18.html]
[www.doc.ic.ac.uk/lab/secondyear/spim/node19.html]
[www.doc.ic.ac.uk/lab/secondyear/spim/node20.html]
[www.doc.ic.ac.uk/lab/secondyear/spim/node21.html]
[www.doc.ic.ac.uk/lab/secondyear/spim/img19.png]
[www.doc.ic.ac.uk/lab/secondyear/spim/node22.html]
[www.doc.ic.ac.uk/lab/secondyear/spim/img20.png]
[www.doc.ic.ac.uk/lab/secondyear/spim/node23.html]
[www.doc.ic.ac.uk/lab/secondyear/spim/img21.png]
[www.doc.ic.ac.uk/lab/secondyear/spim/node24.html]
[www.doc.ic.ac.uk/lab/secondyear/spim/node25.html]
[www.doc.ic.ac.uk/lab/secondyear/spim/spim.css]
[www.doc.ic.ac.uk/usr/share/latex2html/icons/next.html]
[www.doc.ic.ac.uk/usr/share/latex2html/icons/up_g.html]
[www.doc.ic.ac.uk/usr/share/latex2html/icons/prev_g.html]
[www.doc.ic.ac.uk/usr/share/latex2html/icons/up.html]
[www.doc.ic.ac.uk/usr/share/latex2html/icons/prev.html]
[www.doc.ic.ac.uk/usr/share/latex2html/icons/crossref.html]
[www.doc.ic.ac.uk/usr/share/latex2html/icons/next_g.html]
[www.doc.ic.ac.uk/lab/secondyear/spim.html]
